<html>
<body>
<pre>
<h1>µVision Build Log</h1>
<h2>Project:</h2>
C:\Users\kinan\Documents\7.0 Courses 2016 Fall\EE 445L\Lab1\Lab1\ST7735.uvproj
Project File Date:  09/05/2016

<h2>Output:</h2>
Rebuild target 'ST7735'
assembling startup.s...
compiling PLL.c...
compiling ST7735.c...
compiling main.c...
compiling fixed.c...
fixed.c(36): warning:  #177-D: variable "length" was declared but never referenced
        int32_t length = 0;
fixed.c(112): warning:  #177-D: variable "sign" was declared but never referenced
        int32_t sign = 0;
fixed.c(113): warning:  #177-D: variable "length" was declared but never referenced
        int32_t length = 0;
fixed.c: 3 warnings, 0 errors
linking...
Program Size: Code=7356 RO-data=17192 RW-data=72 ZI-data=1024  
".\ST7735.axf" - 0 Error(s), 3 Warning(s).
ning(s).
