<html>
<body>
<pre>
<h1>µVision Build Log</h1>
<h2>Project:</h2>
C:\Users\kinan\Documents\7.0 Courses 2016 Fall\EE 445L\Lab1\Lab1\ST7735.uvproj
Project File Date:  08/30/2016

<h2>Output:</h2>
Build target 'ST7735'
compiling fixed.c...
linking...
Program Size: Code=5064 RO-data=14920 RW-data=44 ZI-data=1028  
".\ST7735.axf" - 0 Error(s), 0 Warning(s).
 0 errors
linking...
Program Size: Code=5064 RO-data=14920 RW-data=44 ZI-data=1028  
".\ST7735.axf" - 0 Error(s), 1 Warning(s).
created
"/inc/tm4c123gh6pm.h": No such file or directory
  #include "/inc/tm4c123gh6pm.h"
ST7735TestMain.c: 0 warnings, 1 error
compiling fixed.c...
".\ST7735.axf" - 2 Error(s), 0 Warning(s).
Target not created
 fputc
fixed.c(29): error:  #65: expected a ";"
  }
fixed.c: 1 warning, 1 error
".\ST7735.axf" - 3 Error(s), 1 Warning(s).
Target not created
ng(s).
Target not created
ed
